<html>
<body>
<pre>
<h1>礦ision Build Log</h1>
<h2>Project:</h2>
E:\ZHN\硬件电路设计参考资料\STM32资料\Cortex-m3\STM32_Printer_制板版本\最小模块测试程序\STM32F103C8_SPI_ADC\USER\STM32-DEMO.uvproj
Project File Date:  08/29/2014

<h2>Output:</h2>
Build target 'ADC-DEMO'
assembling startup_stm32f10x_hd.s...
compiling main.c...
compiling stm32f10x_it.c...
compiling usart1.c...
compiling delay.c...
compiling SPI_ADC.c...
compiling stm32f10x_gpio.c...
compiling stm32f10x_rcc.c...
compiling stm32f10x_usart.c...
compiling stm32f10x_adc.c...
compiling stm32f10x_dma.c...
compiling stm32f10x_flash.c...
compiling stm32f10x_spi.c...
compiling core_cm3.c...
compiling system_stm32f10x.c...
linking...
Program Size: Code=8648 RO-data=336 RW-data=40 ZI-data=512  
FromELF: creating hex file...
"..\Output\STM32-DEMO.axf" - 0 Error(s), 0 Warning(s).
